2026-08-27 21:31:46 INFO  Utils:112 - [TestNG] Running:
  C:\Users\HP\APIAutomation\ecommerce\grid-docker.xml

2026-08-27 21:32:09 INFO  TC001_AccountRegistrationTest:15 - ***** Starting TC001_AccountRegistrationTest  ****
2026-08-27 21:32:10 INFO  TC001_AccountRegistrationTest:21 - Clicked on MyAccount Link.. 
2026-08-27 21:32:11 INFO  TC001_AccountRegistrationTest:24 - Clicked on Register Link.. 
2026-08-27 21:32:11 INFO  TC001_AccountRegistrationTest:28 - Providing customer details...
2026-08-27 21:32:21 INFO  TC001_AccountRegistrationTest:42 - Validating expected message..
2026-08-27 21:32:22 INFO  TC001_AccountRegistrationTest:47 - Test passed
2026-08-27 21:32:22 INFO  TC001_AccountRegistrationTest:56 - ***** Finished TC001_AccountRegistrationTest *****
2026-08-27 21:32:31 INFO  TC_002_LoginTest:17 - **** Starting TC_002_LoginTest  ****
2026-08-27 21:32:31 INFO  TC_002_LoginTest:24 - clicked on myaccount link on the home page..
2026-08-27 21:32:32 INFO  TC_002_LoginTest:26 - clicked on login link under myaccount..
2026-08-27 21:32:32 INFO  TC_002_LoginTest:30 - Entering valid email and password..
2026-08-27 21:32:32 INFO  TC_002_LoginTest:34 - clicked on ligin button..
2026-08-27 21:32:33 INFO  TC_002_LoginTest:48 - **** Finished TC_002_LoginTest  ****
2026-08-27 21:45:44 INFO  Utils:112 - [TestNG] Running:
  C:\Users\HP\APIAutomation\ecommerce\master.xml

2026-08-27 21:46:16 INFO  TC001_AccountRegistrationTest:15 - ***** Starting TC001_AccountRegistrationTest  ****
2026-08-27 21:46:17 INFO  TC001_AccountRegistrationTest:21 - Clicked on MyAccount Link.. 
2026-08-27 21:46:17 INFO  TC001_AccountRegistrationTest:24 - Clicked on Register Link.. 
2026-08-27 21:46:17 INFO  TC001_AccountRegistrationTest:28 - Providing customer details...
2026-08-27 21:46:19 INFO  TC001_AccountRegistrationTest:42 - Validating expected message..
2026-08-27 21:46:19 INFO  TC001_AccountRegistrationTest:47 - Test passed
2026-08-27 21:46:19 INFO  TC001_AccountRegistrationTest:56 - ***** Finished TC001_AccountRegistrationTest *****
2026-08-27 21:46:27 INFO  TC_002_LoginTest:17 - **** Starting TC_002_LoginTest  ****
2026-08-27 21:46:28 INFO  TC_002_LoginTest:24 - clicked on myaccount link on the home page..
2026-08-27 21:46:28 INFO  TC_002_LoginTest:26 - clicked on login link under myaccount..
2026-08-27 21:46:28 INFO  TC_002_LoginTest:30 - Entering valid email and password..
2026-08-27 21:46:29 INFO  TC_002_LoginTest:34 - clicked on ligin button..
2026-08-27 21:46:29 INFO  TC_002_LoginTest:48 - **** Finished TC_002_LoginTest  ****
2026-08-27 22:04:07 INFO  Utils:112 - [TestNG] Running:
  C:\Users\HP\APIAutomation\ecommerce\grid-docker.xml

2026-08-27 22:04:12 INFO  TC001_AccountRegistrationTest:15 - ***** Starting TC001_AccountRegistrationTest  ****
2026-08-27 22:04:13 INFO  TC001_AccountRegistrationTest:21 - Clicked on MyAccount Link.. 
2026-08-27 22:04:13 INFO  TC001_AccountRegistrationTest:24 - Clicked on Register Link.. 
2026-08-27 22:04:13 INFO  TC001_AccountRegistrationTest:28 - Providing customer details...
2026-08-27 22:04:16 INFO  TC001_AccountRegistrationTest:42 - Validating expected message..
2026-08-27 22:04:16 INFO  TC001_AccountRegistrationTest:47 - Test passed
2026-08-27 22:04:16 INFO  TC001_AccountRegistrationTest:56 - ***** Finished TC001_AccountRegistrationTest *****
2026-08-27 22:04:19 INFO  TC_002_LoginTest:17 - **** Starting TC_002_LoginTest  ****
2026-08-27 22:04:20 INFO  TC_002_LoginTest:24 - clicked on myaccount link on the home page..
2026-08-27 22:04:20 INFO  TC_002_LoginTest:26 - clicked on login link under myaccount..
2026-08-27 22:04:20 INFO  TC_002_LoginTest:30 - Entering valid email and password..
2026-08-27 22:04:20 INFO  TC_002_LoginTest:34 - clicked on ligin button..
2026-08-27 22:04:22 INFO  TC_002_LoginTest:48 - **** Finished TC_002_LoginTest  ****
2026-08-27 22:04:31 INFO  TC001_AccountRegistrationTest:15 - ***** Starting TC001_AccountRegistrationTest  ****
2026-08-27 22:04:31 INFO  TC001_AccountRegistrationTest:21 - Clicked on MyAccount Link.. 
2026-08-27 22:04:31 INFO  TC001_AccountRegistrationTest:24 - Clicked on Register Link.. 
2026-08-27 22:04:31 INFO  TC001_AccountRegistrationTest:28 - Providing customer details...
2026-08-27 22:04:33 INFO  TC001_AccountRegistrationTest:42 - Validating expected message..
2026-08-27 22:04:33 INFO  TC001_AccountRegistrationTest:47 - Test passed
2026-08-27 22:04:33 INFO  TC001_AccountRegistrationTest:56 - ***** Finished TC001_AccountRegistrationTest *****
2026-08-27 22:04:40 INFO  TC_002_LoginTest:17 - **** Starting TC_002_LoginTest  ****
2026-08-27 22:04:40 INFO  TC_002_LoginTest:24 - clicked on myaccount link on the home page..
2026-08-27 22:04:40 INFO  TC_002_LoginTest:26 - clicked on login link under myaccount..
2026-08-27 22:04:40 INFO  TC_002_LoginTest:30 - Entering valid email and password..
2026-08-27 22:04:42 INFO  TC_002_LoginTest:34 - clicked on ligin button..
2026-08-27 22:04:42 INFO  TC_002_LoginTest:48 - **** Finished TC_002_LoginTest  ****
2026-08-27 22:13:59 INFO  Utils:112 - [TestNG] Running:
  C:\Users\HP\APIAutomation\ecommerce\master.xml

2026-08-27 22:14:13 INFO  TC001_AccountRegistrationTest:15 - ***** Starting TC001_AccountRegistrationTest  ****
2026-08-27 22:14:13 INFO  TC001_AccountRegistrationTest:21 - Clicked on MyAccount Link.. 
2026-08-27 22:14:14 INFO  TC001_AccountRegistrationTest:24 - Clicked on Register Link.. 
2026-08-27 22:14:14 INFO  TC001_AccountRegistrationTest:28 - Providing customer details...
2026-08-27 22:14:16 INFO  TC001_AccountRegistrationTest:42 - Validating expected message..
2026-08-27 22:14:16 INFO  TC001_AccountRegistrationTest:47 - Test passed
2026-08-27 22:14:16 INFO  TC001_AccountRegistrationTest:56 - ***** Finished TC001_AccountRegistrationTest *****
2026-08-27 22:14:23 INFO  TC_002_LoginTest:17 - **** Starting TC_002_LoginTest  ****
2026-08-27 22:14:23 INFO  TC_002_LoginTest:24 - clicked on myaccount link on the home page..
2026-08-27 22:14:24 INFO  TC_002_LoginTest:26 - clicked on login link under myaccount..
2026-08-27 22:14:24 INFO  TC_002_LoginTest:30 - Entering valid email and password..
2026-08-27 22:14:25 INFO  TC_002_LoginTest:34 - clicked on ligin button..
2026-08-27 22:14:25 INFO  TC_002_LoginTest:48 - **** Finished TC_002_LoginTest  ****
